Traceback (most recent call last):
  File "/home/prep8924/mainMustDhiya/passenger_wsgi.py", line 1, in <module>
    from mainMustDhiya.wsgi import application
ModuleNotFoundError: No module named 'mainMustDhiya.wsgi'
Traceback (most recent call last):
  File "/home/prep8924/mainMustDhiya/passenger_wsgi.py", line 1, in <module>
    from mainMustDhiya.wsgi import application
ModuleNotFoundError: No module named 'mainMustDhiya.wsgi'
[UID:1410][1939861] Child process with pid: 1940017 was killed by signal: 15, core dumped: no
Traceback (most recent call last):
  File "/home/prep8924/mainMustDhiya/passenger_wsgi.py", line 1, in <module>
    from mainMustDhiya.wsgi import application
ModuleNotFoundError: No module named 'mainMustDhiya.wsgi'
[UID:1410][1939861] Child process with pid: 1940677 was killed by signal: 15, core dumped: no
Traceback (most recent call last):
  File "/home/prep8924/mainMustDhiya/passenger_wsgi.py", line 1, in <module>
    from mainMustDhiya.wsgi import application
ModuleNotFoundError: No module named 'mainMustDhiya.wsgi'
Traceback (most recent call last):
  File "/home/prep8924/mainMustDhiya/passenger_wsgi.py", line 1, in <module>
    from mainMustDhiya.wsgi import application
ModuleNotFoundError: No module named 'mainMustDhiya.wsgi'
[UID:1410][2219638] Child process with pid: 2220171 was killed by signal: 15, core dumped: no
Traceback (most recent call last):
  File "/home/prep8924/mainMustDhiya/passenger_wsgi.py", line 1, in <module>
    from mainMustDhiya.wsgi import application
ModuleNotFoundError: No module named 'mainMustDhiya.wsgi'
[UID:1410][2219638] Child process with pid: 2220920 was killed by signal: 15, core dumped: no
Invalid HTTP_HOST header: 'mustdhiya.com'. You may need to add 'mustdhiya.com' to ALLOWED_HOSTS.
Traceback (most recent call last):
  File "/home/prep8924/virtualenv/mainMustDhiya/3.13/lib/python3.13/site-packages/django/core/handlers/exception.py", line 55, in inner
    response = get_response(request)
  File "/home/prep8924/virtualenv/mainMustDhiya/3.13/lib/python3.13/site-packages/django/utils/deprecation.py", line 308, in __call__
    response = self.process_request(request)
  File "/home/prep8924/virtualenv/mainMustDhiya/3.13/lib/python3.13/site-packages/django/middleware/common.py", line 48, in process_request
    host = request.get_host()
  File "/home/prep8924/virtualenv/mainMustDhiya/3.13/lib/python3.13/site-packages/django/http/request.py", line 205, in get_host
    raise DisallowedHost(msg)
django.core.exceptions.DisallowedHost: Invalid HTTP_HOST header: 'mustdhiya.com'. You may need to add 'mustdhiya.com' to ALLOWED_HOSTS.
Invalid HTTP_HOST header: 'mustdhiya.com'. You may need to add 'mustdhiya.com' to ALLOWED_HOSTS.
Traceback (most recent call last):
  File "/home/prep8924/virtualenv/mainMustDhiya/3.13/lib/python3.13/site-packages/django/core/handlers/exception.py", line 55, in inner
    response = get_response(request)
  File "/home/prep8924/virtualenv/mainMustDhiya/3.13/lib/python3.13/site-packages/django/utils/deprecation.py", line 308, in __call__
    response = self.process_request(request)
  File "/home/prep8924/virtualenv/mainMustDhiya/3.13/lib/python3.13/site-packages/django/middleware/common.py", line 48, in process_request
    host = request.get_host()
  File "/home/prep8924/virtualenv/mainMustDhiya/3.13/lib/python3.13/site-packages/django/http/request.py", line 205, in get_host
    raise DisallowedHost(msg)
django.core.exceptions.DisallowedHost: Invalid HTTP_HOST header: 'mustdhiya.com'. You may need to add 'mustdhiya.com' to ALLOWED_HOSTS.
Traceback (most recent call last):
  File "/home/prep8924/mainMustDhiya/passenger_wsgi.py", line 1, in <module>
    from mainMustDhiya.wsgi import application
  File "/home/prep8924/mainMustDhiya/mainMustDhiya/wsgi.py", line 16, in <module>
    application = get_wsgi_application()
  File "/home/prep8924/virtualenv/mainMustDhiya/3.13/lib/python3.13/site-packages/django/core/wsgi.py", line 12, in get_wsgi_application
    django.setup(set_prefix=False)
    ~~~~~~~~~~~~^^^^^^^^^^^^^^^^^^
  File "/home/prep8924/virtualenv/mainMustDhiya/3.13/lib/python3.13/site-packages/django/__init__.py", line 19, in setup
    configure_logging(settings.LOGGING_CONFIG, settings.LOGGING)
                      ^^^^^^^^^^^^^^^^^^^^^^^
  File "/home/prep8924/virtualenv/mainMustDhiya/3.13/lib/python3.13/site-packages/django/conf/__init__.py", line 75, in __getattr__
    self._setup(name)
    ~~~~~~~~~~~^^^^^^
  File "/home/prep8924/virtualenv/mainMustDhiya/3.13/lib/python3.13/site-packages/django/conf/__init__.py", line 62, in _setup
    self._wrapped = Settings(settings_module)
                    ~~~~~~~~^^^^^^^^^^^^^^^^^
  File "/home/prep8924/virtualenv/mainMustDhiya/3.13/lib/python3.13/site-packages/django/conf/__init__.py", line 162, in __init__
    mod = importlib.import_module(self.SETTINGS_MODULE)
  File "/opt/alt/python313/lib64/python3.13/importlib/__init__.py", line 88, in import_module
    return _bootstrap._gcd_import(name[level:], package, level)
           ~~~~~~~~~~~~~~~~~~~~~~^^^^^^^^^^^^^^^^^^^^^^^^^^^^^^
  File "/home/prep8924/mainMustDhiya/mainMustDhiya/settings.py", line 28
    ALLOWED_HOSTS = [mustdhiya.com, www.mustdhiya.com, .localhost, .127.0.0.1]
                                                       ^
SyntaxError: invalid syntax
Traceback (most recent call last):
  File "/home/prep8924/mainMustDhiya/passenger_wsgi.py", line 1, in <module>
    from mainMustDhiya.wsgi import application
  File "/home/prep8924/mainMustDhiya/mainMustDhiya/wsgi.py", line 16, in <module>
    application = get_wsgi_application()
  File "/home/prep8924/virtualenv/mainMustDhiya/3.13/lib/python3.13/site-packages/django/core/wsgi.py", line 12, in get_wsgi_application
    django.setup(set_prefix=False)
    ~~~~~~~~~~~~^^^^^^^^^^^^^^^^^^
  File "/home/prep8924/virtualenv/mainMustDhiya/3.13/lib/python3.13/site-packages/django/__init__.py", line 19, in setup
    configure_logging(settings.LOGGING_CONFIG, settings.LOGGING)
                      ^^^^^^^^^^^^^^^^^^^^^^^
  File "/home/prep8924/virtualenv/mainMustDhiya/3.13/lib/python3.13/site-packages/django/conf/__init__.py", line 75, in __getattr__
    self._setup(name)
    ~~~~~~~~~~~^^^^^^
  File "/home/prep8924/virtualenv/mainMustDhiya/3.13/lib/python3.13/site-packages/django/conf/__init__.py", line 62, in _setup
    self._wrapped = Settings(settings_module)
                    ~~~~~~~~^^^^^^^^^^^^^^^^^
  File "/home/prep8924/virtualenv/mainMustDhiya/3.13/lib/python3.13/site-packages/django/conf/__init__.py", line 162, in __init__
    mod = importlib.import_module(self.SETTINGS_MODULE)
  File "/opt/alt/python313/lib64/python3.13/importlib/__init__.py", line 88, in import_module
    return _bootstrap._gcd_import(name[level:], package, level)
           ~~~~~~~~~~~~~~~~~~~~~~^^^^^^^^^^^^^^^^^^^^^^^^^^^^^^
  File "/home/prep8924/mainMustDhiya/mainMustDhiya/settings.py", line 28
    ALLOWED_HOSTS = [mustdhiya.com, www.mustdhiya.com, .localhost, .127.0.0.1]
                                                       ^
SyntaxError: invalid syntax
[UID:1410][2422680] Child process with pid: 2422917 was killed by signal: 15, core dumped: no
Traceback (most recent call last):
  File "/home/prep8924/mainMustDhiya/passenger_wsgi.py", line 1, in <module>
    from mainMustDhiya.wsgi import application
  File "/home/prep8924/mainMustDhiya/mainMustDhiya/wsgi.py", line 16, in <module>
    application = get_wsgi_application()
  File "/home/prep8924/virtualenv/mainMustDhiya/3.13/lib/python3.13/site-packages/django/core/wsgi.py", line 12, in get_wsgi_application
    django.setup(set_prefix=False)
    ~~~~~~~~~~~~^^^^^^^^^^^^^^^^^^
  File "/home/prep8924/virtualenv/mainMustDhiya/3.13/lib/python3.13/site-packages/django/__init__.py", line 19, in setup
    configure_logging(settings.LOGGING_CONFIG, settings.LOGGING)
                      ^^^^^^^^^^^^^^^^^^^^^^^
  File "/home/prep8924/virtualenv/mainMustDhiya/3.13/lib/python3.13/site-packages/django/conf/__init__.py", line 75, in __getattr__
    self._setup(name)
    ~~~~~~~~~~~^^^^^^
  File "/home/prep8924/virtualenv/mainMustDhiya/3.13/lib/python3.13/site-packages/django/conf/__init__.py", line 62, in _setup
    self._wrapped = Settings(settings_module)
                    ~~~~~~~~^^^^^^^^^^^^^^^^^
  File "/home/prep8924/virtualenv/mainMustDhiya/3.13/lib/python3.13/site-packages/django/conf/__init__.py", line 162, in __init__
    mod = importlib.import_module(self.SETTINGS_MODULE)
  File "/opt/alt/python313/lib64/python3.13/importlib/__init__.py", line 88, in import_module
    return _bootstrap._gcd_import(name[level:], package, level)
           ~~~~~~~~~~~~~~~~~~~~~~^^^^^^^^^^^^^^^^^^^^^^^^^^^^^^
  File "/home/prep8924/mainMustDhiya/mainMustDhiya/settings.py", line 28
    ALLOWED_HOSTS = [mustdhiya.com, www.mustdhiya.com, .localhost, .127.0.0.1]
                                                       ^
SyntaxError: invalid syntax
Traceback (most recent call last):
  File "/home/prep8924/mainMustDhiya/passenger_wsgi.py", line 1, in <module>
    from mainMustDhiya.wsgi import application
  File "/home/prep8924/mainMustDhiya/mainMustDhiya/wsgi.py", line 16, in <module>
    application = get_wsgi_application()
  File "/home/prep8924/virtualenv/mainMustDhiya/3.13/lib/python3.13/site-packages/django/core/wsgi.py", line 12, in get_wsgi_application
    django.setup(set_prefix=False)
    ~~~~~~~~~~~~^^^^^^^^^^^^^^^^^^
  File "/home/prep8924/virtualenv/mainMustDhiya/3.13/lib/python3.13/site-packages/django/__init__.py", line 19, in setup
    configure_logging(settings.LOGGING_CONFIG, settings.LOGGING)
                      ^^^^^^^^^^^^^^^^^^^^^^^
  File "/home/prep8924/virtualenv/mainMustDhiya/3.13/lib/python3.13/site-packages/django/conf/__init__.py", line 75, in __getattr__
    self._setup(name)
    ~~~~~~~~~~~^^^^^^
  File "/home/prep8924/virtualenv/mainMustDhiya/3.13/lib/python3.13/site-packages/django/conf/__init__.py", line 62, in _setup
    self._wrapped = Settings(settings_module)
                    ~~~~~~~~^^^^^^^^^^^^^^^^^
  File "/home/prep8924/virtualenv/mainMustDhiya/3.13/lib/python3.13/site-packages/django/conf/__init__.py", line 162, in __init__
    mod = importlib.import_module(self.SETTINGS_MODULE)
  File "/opt/alt/python313/lib64/python3.13/importlib/__init__.py", line 88, in import_module
    return _bootstrap._gcd_import(name[level:], package, level)
           ~~~~~~~~~~~~~~~~~~~~~~^^^^^^^^^^^^^^^^^^^^^^^^^^^^^^
  File "/home/prep8924/mainMustDhiya/mainMustDhiya/settings.py", line 28
    ALLOWED_HOSTS = [mustdhiya.com, www.mustdhiya.com, .localhost, .127.0.0.1]
                                                       ^
SyntaxError: invalid syntax
[UID:1410][2462737] Child process with pid: 2462777 was killed by signal: 15, core dumped: no
